Component: ARM Compiler 5.06 update 5 (build 528) Tool: armlink [4d35e2]

==============================================================================

Section Cross References

    startup.o(RESET) refers to startup.o(STACK) for __initial_sp


==============================================================================

Image Symbol Table

    Local Symbols

    Symbol Name                              Value     Ov Type        Size  Object(Section)

    startup.s                                0x00000000   Number         0  startup.o ABSOLUTE
    RESET                                    0x08000000   Section      200  startup.o(RESET)
    STACK                                    0x20000000   Section      296  startup.o(STACK)
    DATA2                                    0x20000000   Data           0  startup.o(STACK)
    __initial_sp                             0x20000128   Data           0  startup.o(STACK)

    Global Symbols

    Symbol Name                              Value     Ov Type        Size  Object(Section)

    BuildAttributes$$THM_ISAv4$P$D$K$B$S$PE$A:L22UL41UL21$X:L11$S22US41US21$IEEE1$IW$USESV6$~STKCKD$USESV7$~SHL$OSPACE$EBA8$STANDARDLIB$PRES8$EABIv2 0x00000000   Number         0  anon$$obj.o ABSOLUTE
    __Vectors                                0x08000000   Data           0  startup.o(RESET)
    Reset_Handler                            0x08000009   Thumb Code   178  startup.o(RESET)



==============================================================================

Memory Map of the image

  Image entry point : Not specified.

  Load Region LR_IROM1 (Base: 0x08000000, Size: 0x000001f0, Max: 0x00008000, ABSOLUTE)

    Execution Region ER_IROM1 (Exec base: 0x08000000, Load base: 0x08000000, Size: 0x000000c8, Max: 0x00008000, ABSOLUTE)

    Exec Addr    Load Addr    Size         Type   Attr      Idx    E Section Name        Object

    0x08000000   0x08000000   0x000000c8   Code   RO            1    RESET               startup.o


    Execution Region RW_IRAM1 (Exec base: 0x20000000, Load base: 0x080000c8, Size: 0x00000128, Max: 0x00002800, ABSOLUTE)

    Exec Addr    Load Addr    Size         Type   Attr      Idx    E Section Name        Object

    0x20000000   0x080000c8   0x00000128   Data   RW            2    STACK               startup.o


==============================================================================

Image component sizes


      Code (inc. data)   RO Data    RW Data    ZI Data      Debug   Object Name

       200         62          0        296          0        376   startup.o

    ----------------------------------------------------------------------
       200         62          0        296          0        376   Object Totals
         0          0          0          0          0          0   (incl. Generated)
         0          0          0          0          0          0   (incl. Padding)

    ----------------------------------------------------------------------
         0          0          0          0          0          0   Library Totals
         0          0          0          0          0          0   (incl. Padding)

    ----------------------------------------------------------------------

==============================================================================


      Code (inc. data)   RO Data    RW Data    ZI Data      Debug   

       200         62          0        296          0        376   Grand Totals
       200         62          0        296          0        376   ELF Image Totals
       200         62          0        296          0          0   ROM Totals

==============================================================================

    Total RO  Size (Code + RO Data)                  200 (   0.20kB)
    Total RW  Size (RW Data + ZI Data)               296 (   0.29kB)
    Total ROM Size (Code + RO Data + RW Data)        496 (   0.48kB)

==============================================================================

